<html>

<title>페이지제목</title>
	<body>

		<div></div>
		<div>Thomas Jang</div>

	</body>
</html>